0 verbose cli /usr/local/bin/node /usr/local/bin/npm
1 info using npm@10.5.0
2 info using node@v21.7.2
3 timing npm:load:whichnode Completed in 0ms
4 timing config:load:defaults Completed in 1ms
5 timing config:load:file:/usr/local/lib/node_modules/npm/npmrc Completed in 1ms
6 timing config:load:builtin Completed in 1ms
7 timing config:load:cli Completed in 2ms
8 timing config:load:env Completed in 0ms
9 timing config:load:file:/Users/hedilarbi/Desktop_Local/majestic/majestic-server/.npmrc Completed in 0ms
10 timing config:load:project Completed in 1ms
11 timing config:load:file:/Users/hedilarbi/.npmrc Completed in 0ms
12 timing config:load:user Completed in 0ms
13 timing config:load:file:/usr/local/etc/npmrc Completed in 0ms
14 timing config:load:global Completed in 0ms
15 timing config:load:setEnvs Completed in 0ms
16 timing config:load Completed in 5ms
17 timing npm:load:configload Completed in 5ms
18 timing config:load:flatten Completed in 1ms
19 timing npm:load:mkdirpcache Completed in 1ms
20 timing npm:load:mkdirplogs Completed in 0ms
21 verbose title npm install nodemailer pdfkit qrcode
22 verbose argv "install" "nodemailer" "pdfkit" "qrcode" "--cache" "./.npm-cache" "--no-audit" "--no-fund"
23 timing npm:load:setTitle Completed in 0ms
24 timing npm:load:display Completed in 0ms
25 verbose logfile logs-max:10 dir:/Users/hedilarbi/Desktop_Local/majestic/majestic-server/.npm-cache/_logs/2026-02-14T12_43_38_118Z-
26 verbose logfile /Users/hedilarbi/Desktop_Local/majestic/majestic-server/.npm-cache/_logs/2026-02-14T12_43_38_118Z-debug-0.log
27 timing npm:load:logFile Completed in 5ms
28 timing npm:load:timers Completed in 0ms
29 timing npm:load:configScope Completed in 0ms
30 timing npm:load Completed in 21ms
31 timing arborist:ctor Completed in 2ms
32 silly logfile done cleaning log files
33 timing idealTree:init Completed in 84ms
34 timing idealTree:userRequests Completed in 0ms
35 silly idealTree buildDeps
36 silly fetch manifest nodemailer@^6.10.1
37 timing arborist:ctor Completed in 0ms
38 silly fetch manifest pdfkit@^0.17.2
39 silly fetch manifest qrcode@^1.5.4
40 silly placeDep ROOT nodemailer@ OK for: majestic-server@1.0.0 want: ^6.10.1
41 silly placeDep ROOT pdfkit@ OK for: majestic-server@1.0.0 want: ^0.17.2
42 silly placeDep ROOT qrcode@ OK for: majestic-server@1.0.0 want: ^1.5.4
43 timing idealTree:#root Completed in 210075ms
44 timing idealTree:node_modules/nodemailer Completed in 0ms
45 timing idealTree:node_modules/pdfkit Completed in 0ms
46 timing idealTree:node_modules/qrcode Completed in 0ms
47 timing idealTree:buildDeps Completed in 210076ms
48 timing idealTree:fixDepFlags Completed in 5ms
49 timing idealTree Completed in 210165ms
50 timing command:install Completed in 210235ms
51 verbose type system
52 verbose stack FetchError: request to https://registry.npmjs.org/nodemailer failed, reason: getaddrinfo ENOTFOUND registry.npmjs.org
52 verbose stack     at ClientRequest.<anonymous> (/usr/local/lib/node_modules/npm/node_modules/minipass-fetch/lib/index.js:130:14)
52 verbose stack     at ClientRequest.emit (node:events:519:28)
52 verbose stack     at _destroy (node:_http_client:880:13)
52 verbose stack     at onSocketNT (node:_http_client:900:5)
52 verbose stack     at process.processTicksAndRejections (node:internal/process/task_queues:83:21)
53 verbose cwd /Users/hedilarbi/Desktop_Local/majestic/majestic-server
54 verbose Darwin 25.2.0
55 verbose node v21.7.2
56 verbose npm  v10.5.0
57 error code ENOTFOUND
58 error syscall getaddrinfo
59 error errno ENOTFOUND
60 error network request to https://registry.npmjs.org/nodemailer failed, reason: getaddrinfo ENOTFOUND registry.npmjs.org
61 error network This is a problem related to network connectivity.
61 error network In most cases you are behind a proxy or have bad network settings.
61 error network
61 error network If you are behind a proxy, please make sure that the
61 error network 'proxy' config is set properly.  See: 'npm help config'
62 verbose exit 1
63 timing npm Completed in 210360ms
64 verbose unfinished npm timer reify 1771073018237
65 verbose unfinished npm timer reify:loadTrees 1771073018304
66 verbose code 1
67 error A complete log of this run can be found in: /Users/hedilarbi/Desktop_Local/majestic/majestic-server/.npm-cache/_logs/2026-02-14T12_43_38_118Z-debug-0.log
